Player 1:
Downloaded: 0D, 0V
Abilities: 5
a: V1 b: D4 c: V3 d: V2
e: D3 f: V4 g: D2 h: D1
========
abcSSfgh
...de...
........
........
........
........
...DE...
ABCSSFGH
========
Player 2:
Downloaded: 0D, 0V
Abilities: 5
A: ? B: ? C: ? D: ?
E: ? F: ? G: ? H: ?
